// Jest Snapshot v1, https://goo.gl/fbAQLP

exports[`should test Post component 1`] = `ShallowWrapper {}`;
